// Jest Snapshot v1, https://goo.gl/fbAQLP

exports[`Story Snapshots: All should match snapshot 1`] = `
[
  <Text
    allowFontScaling={false}
    selectable={false}
    style={
      [
        {
          "color": "#6C727A",
          "fontSize": 60,
        },
        [
          {
            "lineHeight": 60,
          },
          [
            {
              "height": 60,
              "textAlignVertical": "center",
              "width": 60,
            },
            [
              {
                "marginRight": 4,
              },
              undefined,
            ],
          ],
        ],
        {
          "fontFamily": "custom",
          "fontStyle": "normal",
          "fontWeight": "normal",
        },
        {},
      ]
    }
  >
    
  </Text>,
  <Text
    allowFontScaling={false}
    selectable={false}
    style={
      [
        {
          "color": "#158D65",
          "fontSize": 60,
        },
        [
          {
            "lineHeight": 60,
          },
          [
            {
              "height": 60,
              "textAlignVertical": "center",
              "width": 60,
            },
            [
              {
                "marginRight": 4,
              },
              undefined,
            ],
          ],
        ],
        {
          "fontFamily": "custom",
          "fontStyle": "normal",
          "fontWeight": "normal",
        },
        {},
      ]
    }
  >
    
  </Text>,
  <Text
    allowFontScaling={false}
    selectable={false}
    style={
      [
        {
          "color": "#1F2329",
          "fontSize": 60,
        },
        [
          {
            "lineHeight": 60,
          },
          [
            {
              "marginRight": 4,
            },
            undefined,
          ],
        ],
        {
          "fontFamily": "custom",
          "fontStyle": "normal",
          "fontWeight": "normal",
        },
        {},
      ]
    }
  >
    
  </Text>,
  <Text
    allowFontScaling={false}
    selectable={false}
    style={
      [
        {
          "color": "#1F2329",
          "fontSize": 60,
        },
        [
          {
            "lineHeight": 60,
          },
          [
            {
              "marginRight": 4,
            },
            undefined,
          ],
        ],
        {
          "fontFamily": "custom",
          "fontStyle": "normal",
          "fontWeight": "normal",
        },
        {},
      ]
    }
  >
    
  </Text>,
  <Text
    allowFontScaling={false}
    selectable={false}
    style={
      [
        {
          "color": "#1F2329",
          "fontSize": 60,
        },
        [
          {
            "lineHeight": 60,
          },
          [
            {
              "marginRight": 4,
            },
            undefined,
          ],
        ],
        {
          "fontFamily": "custom",
          "fontStyle": "normal",
          "fontWeight": "normal",
        },
        {},
      ]
    }
  >
    
  </Text>,
  <Text
    allowFontScaling={false}
    selectable={false}
    style={
      [
        {
          "color": "#1F2329",
          "fontSize": 60,
        },
        [
          {
            "lineHeight": 60,
          },
          [
            {
              "marginRight": 4,
            },
            undefined,
          ],
        ],
        {
          "fontFamily": "custom",
          "fontStyle": "normal",
          "fontWeight": "normal",
        },
        {},
      ]
    }
  >
    
  </Text>,
  <Text
    allowFontScaling={false}
    selectable={false}
    style={
      [
        {
          "color": "#1F2329",
          "fontSize": 60,
        },
        [
          {
            "lineHeight": 60,
          },
          [
            {
              "marginRight": 4,
            },
            undefined,
          ],
        ],
        {
          "fontFamily": "custom",
          "fontStyle": "normal",
          "fontWeight": "normal",
        },
        {},
      ]
    }
  >
    
  </Text>,
  <Text
    allowFontScaling={false}
    selectable={false}
    style={
      [
        {
          "color": "#1F2329",
          "fontSize": 60,
        },
        [
          {
            "lineHeight": 60,
          },
          [
            {
              "marginRight": 4,
            },
            undefined,
          ],
        ],
        {
          "fontFamily": "custom",
          "fontStyle": "normal",
          "fontWeight": "normal",
        },
        {},
      ]
    }
  >
    
  </Text>,
  <Text
    allowFontScaling={false}
    selectable={false}
    style={
      [
        {
          "color": "#AC892F",
          "fontSize": 60,
        },
        [
          {
            "lineHeight": 60,
          },
          [
            {
              "marginRight": 4,
            },
            undefined,
          ],
        ],
        {
          "fontFamily": "custom",
          "fontStyle": "normal",
          "fontWeight": "normal",
        },
        {},
      ]
    }
  >
    
  </Text>,
  <Text
    allowFontScaling={false}
    selectable={false}
    style={
      [
        {
          "color": "#1F2329",
          "fontSize": 60,
        },
        [
          {
            "lineHeight": 60,
          },
          [
            {
              "marginRight": 4,
            },
            {
              "margin": 10,
            },
          ],
        ],
        {
          "fontFamily": "custom",
          "fontStyle": "normal",
          "fontWeight": "normal",
        },
        {},
      ]
    }
  >
    
  </Text>,
]
`;
