// Jest Snapshot v1, https://goo.gl/fbAQLP

exports[`Story Snapshots: Switch should match snapshot 1`] = `
<View
  style={
    {
      "alignItems": "flex-start",
      "flex": 1,
      "padding": 16,
    }
  }
>
  <View
    style={
      [
        {
          "alignItems": "center",
          "flexDirection": "row",
          "justifyContent": "space-between",
          "maxHeight": 80,
          "minHeight": 54,
        },
        {
          "backgroundColor": "#F7F8FA",
        },
      ]
    }
  >
    <View
      accessibilityLabel="[missing "en.Onboarding_title" translation], Only channel owners can send new messages"
      accessible={true}
      style={
        {
          "flex": 1,
          "marginRight": 8,
        }
      }
    >
      <Text
        style={
          [
            {
              "backgroundColor": "transparent",
              "fontFamily": "Inter",
              "fontSize": 16,
              "fontWeight": "500",
              "lineHeight": 24,
              "textAlign": "left",
            },
            {
              "color": "#1F2329",
            },
          ]
        }
      >
        [missing "en.Onboarding_title" translation]
      </Text>
      <Text
        style={
          [
            {
              "backgroundColor": "transparent",
              "fontFamily": "Inter",
              "fontSize": 14,
              "fontWeight": "400",
              "lineHeight": 20,
              "textAlign": "left",
            },
            {
              "color": "#6C727A",
            },
          ]
        }
        testID="create-channel-switch-id-hint"
      >
        Only channel owners can send new messages
      </Text>
    </View>
    <RCTSwitch
      accessibilityRole="switch"
      accessible={true}
      disabled={false}
      onChange={[Function]}
      onResponderTerminationRequest={[Function]}
      onStartShouldSetResponder={[Function]}
      onTintColor="#156FF5"
      style={
        [
          {
            "height": 31,
            "width": 51,
          },
          {
            "backgroundColor": "#6C727A",
            "borderRadius": 16,
          },
        ]
      }
      testID="create-channel-switch-id"
      thumbTintColor="#FFFFFF"
      tintColor="#6C727A"
      value={false}
    />
  </View>
</View>
`;
