// Jest Snapshot v1, https://goo.gl/fbAQLP

exports[`Story Snapshots: All should match snapshot 1`] = `
[
  <Text
    allowFontScaling={false}
    selectable={false}
    style={
      [
        {
          "color": "#158D65",
          "fontSize": 64,
        },
        [
          {
            "lineHeight": 64,
          },
          [
            {
              "height": 64,
              "textAlignVertical": "center",
              "width": 64,
            },
            undefined,
          ],
        ],
        {
          "fontFamily": "custom",
          "fontStyle": "normal",
          "fontWeight": "normal",
        },
        {},
      ]
    }
  >
    
  </Text>,
  <Text
    allowFontScaling={false}
    selectable={false}
    style={
      [
        {
          "color": "#D40C26",
          "fontSize": 64,
        },
        [
          {
            "lineHeight": 64,
          },
          [
            {
              "height": 64,
              "textAlignVertical": "center",
              "width": 64,
            },
            undefined,
          ],
        ],
        {
          "fontFamily": "custom",
          "fontStyle": "normal",
          "fontWeight": "normal",
        },
        {},
      ]
    }
  >
    
  </Text>,
  <Text
    allowFontScaling={false}
    selectable={false}
    style={
      [
        {
          "color": "#AC892F",
          "fontSize": 64,
        },
        [
          {
            "lineHeight": 64,
          },
          [
            {
              "height": 64,
              "textAlignVertical": "center",
              "width": 64,
            },
            undefined,
          ],
        ],
        {
          "fontFamily": "custom",
          "fontStyle": "normal",
          "fontWeight": "normal",
        },
        {},
      ]
    }
  >
    
  </Text>,
  <Text
    allowFontScaling={false}
    selectable={false}
    style={
      [
        {
          "color": "#6C727A",
          "fontSize": 64,
        },
        [
          {
            "lineHeight": 64,
          },
          [
            {
              "height": 64,
              "textAlignVertical": "center",
              "width": 64,
            },
            undefined,
          ],
        ],
        {
          "fontFamily": "custom",
          "fontStyle": "normal",
          "fontWeight": "normal",
        },
        {},
      ]
    }
  >
    
  </Text>,
  <Text
    allowFontScaling={false}
    selectable={false}
    style={
      [
        {
          "color": "#F38C39",
          "fontSize": 64,
        },
        [
          {
            "lineHeight": 64,
          },
          [
            {
              "height": 64,
              "textAlignVertical": "center",
              "width": 64,
            },
            undefined,
          ],
        ],
        {
          "fontFamily": "custom",
          "fontStyle": "normal",
          "fontWeight": "normal",
        },
        {},
      ]
    }
  >
    
  </Text>,
  <Text
    allowFontScaling={false}
    selectable={false}
    style={
      [
        {
          "color": "#6C727A",
          "fontSize": 64,
        },
        [
          {
            "lineHeight": 64,
          },
          [
            {
              "height": 64,
              "textAlignVertical": "center",
              "width": 64,
            },
            undefined,
          ],
        ],
        {
          "fontFamily": "custom",
          "fontStyle": "normal",
          "fontWeight": "normal",
        },
        {},
      ]
    }
  >
    
  </Text>,
  <Text
    allowFontScaling={false}
    selectable={false}
    style={
      [
        {
          "color": "#6C727A",
          "fontSize": 64,
        },
        [
          {
            "lineHeight": 64,
          },
          [
            {
              "height": 64,
              "textAlignVertical": "center",
              "width": 64,
            },
            undefined,
          ],
        ],
        {
          "fontFamily": "custom",
          "fontStyle": "normal",
          "fontWeight": "normal",
        },
        {},
      ]
    }
  >
    
  </Text>,
  <Text
    allowFontScaling={false}
    selectable={false}
    style={
      [
        {
          "color": "#158D65",
          "fontSize": 120,
        },
        [
          {
            "lineHeight": 120,
          },
          [
            {
              "height": 120,
              "textAlignVertical": "center",
              "width": 120,
            },
            undefined,
          ],
        ],
        {
          "fontFamily": "custom",
          "fontStyle": "normal",
          "fontWeight": "normal",
        },
        {},
      ]
    }
  >
    
  </Text>,
]
`;
